Component: ARM Compiler 5.05 update 2 (build 169) Tool: armlink [4d0f33]

==============================================================================

Section Cross References

    system_mk60d10.o(.text) refers to system_mk60d10.o(.data) for SystemCoreClock
    startup_mk60d10.o(STACK) refers (Special) to heapauxi.o(.text) for __use_two_region_memory
    startup_mk60d10.o(HEAP) refers (Special) to heapauxi.o(.text) for __use_two_region_memory
    startup_mk60d10.o(RESET) refers (Special) to heapauxi.o(.text) for __use_two_region_memory
    startup_mk60d10.o(RESET) refers to startup_mk60d10.o(STACK) for __initial_sp
    startup_mk60d10.o(RESET) refers to startup_mk60d10.o(.text) for Reset_Handler
    startup_mk60d10.o(RESET) refers to common.o(.text) for NMI_Handler
    startup_mk60d10.o(RESET) refers to dma.o(.text) for DMA0_IRQHandler
    startup_mk60d10.o(RESET) refers to wdog.o(.text) for Watchdog_IRQHandler
    startup_mk60d10.o(RESET) refers to spi.o(.text) for SPI0_IRQHandler
    startup_mk60d10.o(RESET) refers to can.o(.text) for CAN0_ORed_Message_buffer_IRQHandler
    startup_mk60d10.o(RESET) refers to uart.o(.text) for UART0_RX_TX_IRQHandler
    startup_mk60d10.o(RESET) refers to adc.o(.text) for ADC0_IRQHandler
    startup_mk60d10.o(RESET) refers to ftm.o(.text) for FTM0_IRQHandler
    startup_mk60d10.o(RESET) refers to rtc.o(.text) for RTC_IRQHandler
    startup_mk60d10.o(RESET) refers to pit.o(.text) for PIT0_IRQHandler
    startup_mk60d10.o(RESET) refers to pdb.o(.text) for PDB0_IRQHandler
    startup_mk60d10.o(RESET) refers to enet.o(.text) for ENET_Transmit_IRQHandler
    startup_mk60d10.o(RESET) refers to dac.o(.text) for DAC0_IRQHandler
    startup_mk60d10.o(RESET) refers to tsi.o(.text) for TSI0_IRQHandler
    startup_mk60d10.o(RESET) refers to lptmr.o(.text) for LPTimer_IRQHandler
    startup_mk60d10.o(RESET) refers to gpio.o(.text) for PORTA_IRQHandler
    startup_mk60d10.o(.ARM.__at_0x400) refers (Special) to heapauxi.o(.text) for __use_two_region_memory
    startup_mk60d10.o(.text) refers (Special) to heapauxi.o(.text) for __use_two_region_memory
    startup_mk60d10.o(.text) refers to system_mk60d10.o(.text) for SystemInit
    startup_mk60d10.o(.text) refers to __main.o(!!!main) for __main
    startup_mk60d10.o(.text) refers to startup_mk60d10.o(HEAP) for Heap_Mem
    startup_mk60d10.o(.text) refers to startup_mk60d10.o(STACK) for Stack_Mem
    main.o(.text) refers to zhili.o(.text) for Angle_Calculate
    main.o(.text) refers to adcread.o(.text) for ave
    main.o(.text) refers to oled.o(.text) for OLed_DisplayF
    main.o(.text) refers to fflt_clz.o(x$fpl$fflt) for __aeabi_i2f
    main.o(.text) refers to common.o(.text) for DelayMs
    main.o(.text) refers to pwm.o(.text) for pwm
    main.o(.text) refers to uart.o(.text) for UART_QuickInit
    main.o(.text) refers to readspeed.o(.text) for DMA_jishu_init
    main.o(.text) refers to gpio.o(.text) for GPIO_QuickInit
    main.o(.text) refers to pit.o(.text) for PIT_Init
    main.o(.text) refers to ftm.o(.text) for FTM_PWM_QuickInit
    main.o(.text) refers to directioncontrol.o(.text) for Direction_Control_Output
    main.o(.text) refers to speedcontrol.o(.text) for Speed_Control_Output
    main.o(.text) refers to faddsub_clz.o(x$fpl$fsub) for __aeabi_fsub
    main.o(.text) refers to ffix.o(x$fpl$ffix) for __aeabi_f2iz
    main.o(.text) refers to zhili.o(.data) for Angle_dot
    main.o(.text) refers to adcread.o(.data) for A2
    main.o(.text) refers to directioncontrol.o(.data) for H_use
    main.o(.text) refers to main.o(.data) for t2
    main.o(.text) refers to pwm.o(.data) for Protect_flag
    main.o(.text) refers to faddsub_clz.o(x$fpl$fadd) for __aeabi_fadd
    pwm.o(.text) refers to ftm.o(.text) for FTM_PWM_ChangeDuty
    pwm.o(.text) refers to pwm.o(.data) for Protect_flag
    oled.o(.text) refers to _printf_percent.o(.ARM.Collect$$_printf_percent$$00000000) for _printf_percent
    oled.o(.text) refers to _printf_d.o(.ARM.Collect$$_printf_percent$$00000009) for _printf_d
    oled.o(.text) refers to _printf_dec.o(.text) for _printf_int_dec
    oled.o(.text) refers to gpio.o(.text) for GPIO_QuickInit
    oled.o(.text) refers to common.o(.text) for DelayMs
    oled.o(.text) refers to system_mk60d10.o(.data) for SystemCoreClock
    oled.o(.text) refers to oled.o(.constdata) for F6x8
    oled.o(.text) refers to ffix.o(x$fpl$ffix) for __aeabi_f2iz
    oled.o(.text) refers to fflt_clz.o(x$fpl$fflt) for __aeabi_i2f
    oled.o(.text) refers to faddsub_clz.o(x$fpl$frsb) for __aeabi_frsub
    oled.o(.text) refers to fmul.o(x$fpl$fmul) for __aeabi_fmul
    oled.o(.text) refers to f2d.o(x$fpl$f2d) for __aeabi_f2d
    oled.o(.text) refers to dleqf.o(x$fpl$dleqf) for __aeabi_cdcmple
    oled.o(.text) refers to noretval__2sprintf.o(.text) for __2sprintf
    angle.o(.text) refers to angle.o(.data) for I2Cxx
    zhili.o(.text) refers to faddsub_clz.o(x$fpl$fsub) for __aeabi_fsub
[...]
    PDB_CallBackTable                        0x1fff8300   Data           4  pdb.o(.data)
    .bss                                     0x1fff8304   Section       16  zhili.o(.bss)
    .bss                                     0x1fff8314   Section       20  gpio.o(.bss)
    GPIO_CallBackTable                       0x1fff8314   Data          20  gpio.o(.bss)
    .bss                                     0x1fff8328   Section       48  uart.o(.bss)
    UART_CallBackTxTable                     0x1fff8328   Data          24  uart.o(.bss)
    UART_CallBackRxTable                     0x1fff8340   Data          24  uart.o(.bss)
    .bss                                     0x1fff8358   Section       16  pit.o(.bss)
    PIT_CallBackTable                        0x1fff8358   Data          16  pit.o(.bss)
    .bss                                     0x1fff8368   Section       12  ftm.o(.bss)
    FTM_CallBackTable                        0x1fff8368   Data          12  ftm.o(.bss)
    .bss                                     0x1fff8374   Section       12  spi.o(.bss)
    SPI_CallBackTable                        0x1fff8374   Data          12  spi.o(.bss)
    .bss                                     0x1fff8380   Section       64  dma.o(.bss)
    DMA_CallBackTable                        0x1fff8380   Data          64  dma.o(.bss)
    .bss                                     0x1fff83c0   Section     1630  enet.o(.bss)
    xENETTxDescriptors_unaligned             0x1fff83c0   Data          48  enet.o(.bss)
    xENETRxDescriptors_unaligned             0x1fff83f0   Data          48  enet.o(.bss)
    ucENETRxBuffers                          0x1fff8420   Data        1534  enet.o(.bss)
    .bss                                     0x1fff8a20   Section       96  libspace.o(.bss)
    HEAP                                     0x1fff8a80   Section     1024  startup_mk60d10.o(HEAP)
    Heap_Mem                                 0x1fff8a80   Data        1024  startup_mk60d10.o(HEAP)
    STACK                                    0x1fff8e80   Section     4096  startup_mk60d10.o(STACK)
    Stack_Mem                                0x1fff8e80   Data        4096  startup_mk60d10.o(STACK)
    __initial_sp                             0x1fff9e80   Data           0  startup_mk60d10.o(STACK)

    Global Symbols

    Symbol Name                              Value     Ov Type        Size  Object(Section)

    BuildAttributes$$THM_ISAv4$E$P$D$K$B$S$7EM$PE$A:L22UL41UL21$X:L11$S22US41US21$IEEE1$IW$USESV6$~STKCKD$USESV7$~SHL$OTIME$ROPI$IEEEX$EBA8$UX$STANDARDLIB$REQ8$PRES8$EABIv2 0x00000000   Number         0  anon$$obj.o ABSOLUTE
    __ARM_use_no_argv                        0x00000000   Number         0  main.o ABSOLUTE
    __Vectors                                0x00000000   Data           4  startup_mk60d10.o(RESET)
    __ARM_exceptions_init                     - Undefined Weak Reference
    __alloca_initialize                       - Undefined Weak Reference
    __arm_preinit_                            - Undefined Weak Reference
    __cpp_initialize__aeabi_                  - Undefined Weak Reference
    __cxa_finalize                            - Undefined Weak Reference
    __rt_locale                               - Undefined Weak Reference
    __sigvec_lookup                           - Undefined Weak Reference
    _atexit_init                              - Undefined Weak Reference
    _call_atexit_fns                          - Undefined Weak Reference
    _clock_init                               - Undefined Weak Reference
    _fp_trap_init                             - Undefined Weak Reference
    _fp_trap_shutdown                         - Undefined Weak Reference
    _get_lc_collate                           - Undefined Weak Reference
    _get_lc_ctype                             - Undefined Weak Reference
    _get_lc_monetary                          - Undefined Weak Reference
    _get_lc_numeric                           - Undefined Weak Reference
    _get_lc_time                              - Undefined Weak Reference
    _getenv_init                              - Undefined Weak Reference
    _handle_redirection                       - Undefined Weak Reference
    _init_alloc                               - Undefined Weak Reference
    _init_user_alloc                          - Undefined Weak Reference
    _initio                                   - Undefined Weak Reference
    _printf_post_padding                      - Undefined Weak Reference
    _printf_pre_padding                       - Undefined Weak Reference
    _printf_truncate_signed                   - Undefined Weak Reference
    _printf_truncate_unsigned                 - Undefined Weak Reference
    _rand_init                                - Undefined Weak Reference
    _signal_finish                            - Undefined Weak Reference
    _signal_init                              - Undefined Weak Reference
    _terminate_alloc                          - Undefined Weak Reference
    _terminate_user_alloc                     - Undefined Weak Reference
    _terminateio                              - Undefined Weak Reference
    __Vectors_End                            0x00000400   Data           0  startup_mk60d10.o(RESET)
    __Vectors_Size                           0x00000400   Number         0  startup_mk60d10.o ABSOLUTE
    __main                                   0x00000411   Thumb Code     8  __main.o(!!!main)
    __scatterload                            0x00000419   Thumb Code     0  __scatter.o(!!!scatter)
    __scatterload_rt2                        0x00000419   Thumb Code    44  __scatter.o(!!!scatter)
    __scatterload_rt2_thumb_only             0x00000419   Thumb Code     0  __scatter.o(!!!scatter)
    __scatterload_null                       0x00000427   Thumb Code     0  __scatter.o(!!!scatter)
    __decompress                             0x0000044d   Thumb Code    90  __dczerorl2.o(!!dczerorl2)
    __decompress1                            0x0000044d   Thumb Code     0  __dczerorl2.o(!!dczerorl2)
    __scatterload_zeroinit                   0x000004a9   Thumb Code    28  __scatter_zi.o(!!handler_zi)
    _printf_d                                0x000004c5   Thumb Code     0  _printf_d.o(.ARM.Collect$$_printf_percent$$00000009)
    _printf_percent                          0x000004c5   Thumb Code     0  _printf_percent.o(.ARM.Collect$$_printf_percent$$00000000)
    _printf_percent_end                      0x000004cb   Thumb Code     0  _printf_percent_end.o(.ARM.Collect$$_printf_percent$$00000017)
    __rt_lib_init                            0x000004cf   Thumb Code     0  libinit.o(.ARM.Collect$$libinit$$00000000)
    __rt_lib_init_alloca_1                   0x000004d1   Thumb Code     0  libinit2.o(.ARM.Collect$$libinit$$0000002E)
    __rt_lib_init_argv_1                     0x000004d1   Thumb Code     0  libinit2.o(.ARM.Collect$$libinit$$0000002C)
    __rt_lib_init_atexit_1                   0x000004d1   Thumb Code     0  libinit2.o(.ARM.Collect$$libinit$$0000001B)
    __rt_lib_init_clock_1                    0x000004d1   Thumb Code     0  libinit2.o(.ARM.Collect$$libinit$$00000021)
    __rt_lib_init_cpp_1                      0x000004d1   Thumb Code     0  libinit2.o(.ARM.Collect$$libinit$$00000032)
    __rt_lib_init_exceptions_1               0x000004d1   Thumb Code     0  libinit2.o(.ARM.Collect$$libinit$$00000030)
    __rt_lib_init_fp_1                       0x000004d1   Thumb Code     0  libinit2.o(.ARM.Collect$$libinit$$00000002)
    __rt_lib_init_fp_trap_1                  0x000004d1   Thumb Code     0  libinit2.o(.ARM.Collect$$libinit$$0000001F)
    __rt_lib_init_getenv_1                   0x000004d1   Thumb Code     0  libinit2.o(.ARM.Collect$$libinit$$00000023)
    __rt_lib_init_heap_1                     0x000004d1   Thumb Code     0  libinit2.o(.ARM.Collect$$libinit$$0000000A)
    __rt_lib_init_lc_collate_1               0x000004d1   Thumb Code     0  libinit2.o(.ARM.Collect$$libinit$$00000011)
    __rt_lib_init_lc_ctype_1                 0x000004d1   Thumb Code     0  libinit2.o(.ARM.Collect$$libinit$$00000013)
    __rt_lib_init_lc_monetary_1              0x000004d1   Thumb Code     0  libinit2.o(.ARM.Collect$$libinit$$00000015)
    __rt_lib_init_lc_numeric_1               0x000004d1   Thumb Code     0  libinit2.o(.ARM.Collect$$libinit$$00000017)
    __rt_lib_init_lc_time_1                  0x000004d1   Thumb Code     0  libinit2.o(.ARM.Collect$$libinit$$00000019)
    __rt_lib_init_preinit_1                  0x000004d1   Thumb Code     0  libinit2.o(.ARM.Collect$$libinit$$00000004)
    __rt_lib_init_rand_1                     0x000004d1   Thumb Code     0  libinit2.o(.ARM.Collect$$libinit$$0000000E)
    __rt_lib_init_return                     0x000004d1   Thumb Code     0  libinit2.o(.ARM.Collect$$libinit$$00000033)
    __rt_lib_init_signal_1                   0x000004d1   Thumb Code     0  libinit2.o(.ARM.Collect$$libinit$$0000001D)
    __rt_lib_init_stdio_1                    0x000004d1   Thumb Code     0  libinit2.o(.ARM.Collect$$libinit$$00000025)
    __rt_lib_init_user_alloc_1               0x000004d1   Thumb Code     0  libinit2.o(.ARM.Collect$$libinit$$0000000C)
    __rt_lib_shutdown                        0x000004d3   Thumb Code     0  libshutdown.o(.ARM.Collect$$libshutdown$$00000000)
    __rt_lib_shutdown_fp_trap_1              0x000004d5   Thumb Code     0  libshutdown2.o(.ARM.Collect$$libshutdown$$00000006)
    __rt_lib_shutdown_heap_1                 0x000004d5   Thumb Code     0  libshutdown2.o(.ARM.Collect$$libshutdown$$0000000E)
    __rt_lib_shutdown_return                 0x000004d5   Thumb Code     0  libshutdown2.o(.ARM.Collect$$libshutdown$$0000000F)
    __rt_lib_shutdown_signal_1               0x000004d5   Thumb Code     0  libshutdown2.o(.ARM.Collect$$libshutdown$$00000009)
    __rt_lib_shutdown_stdio_1                0x000004d5   Thumb Code     0  libshutdown2.o(.ARM.Collect$$libshutdown$$00000003)
    __rt_lib_shutdown_user_alloc_1           0x000004d5   Thumb Code     0  libshutdown2.o(.ARM.Collect$$libshutdown$$0000000B)
    __rt_entry                               0x000004d7   Thumb Code     0  __rtentry.o(.ARM.Collect$$rtentry$$00000000)
    __rt_entry_presh_1                       0x000004d7   Thumb Code     0  __rtentry2.o(.ARM.Collect$$rtentry$$00000002)
    __rt_entry_sh                            0x000004d7   Thumb Code     0  __rtentry4.o(.ARM.Collect$$rtentry$$00000004)
    __rt_entry_li                            0x000004dd   Thumb Code     0  __rtentry2.o(.ARM.Collect$$rtentry$$0000000A)
    __rt_entry_postsh_1                      0x000004dd   Thumb Code     0  __rtentry2.o(.ARM.Collect$$rtentry$$00000009)
    __rt_entry_main                          0x000004e1   Thumb Code     0  __rtentry2.o(.ARM.Collect$$rtentry$$0000000D)
    __rt_entry_postli_1                      0x000004e1   Thumb Code     0  __rtentry2.o(.ARM.Collect$$rtentry$$0000000C)
    __rt_exit                                0x000004e9   Thumb Code     0  rtexit.o(.ARM.Collect$$rtexit$$00000000)
    __rt_exit_ls                             0x000004eb   Thumb Code     0  rtexit2.o(.ARM.Collect$$rtexit$$00000003)
    __rt_exit_prels_1                        0x000004eb   Thumb Code     0  rtexit2.o(.ARM.Collect$$rtexit$$00000002)
    __rt_exit_exit                           0x000004ef   Thumb Code     0  rtexit2.o(.ARM.Collect$$rtexit$$00000004)
    __asm___6_enet_c_7a926d92____REVSH       0x000004f5   Thumb Code     4  enet.o(.revsh_text)
    SystemInit                               0x000004f9   Thumb Code   196  system_mk60d10.o(.text)
    SystemCoreClockUpdate                    0x000005bd   Thumb Code   324  system_mk60d10.o(.text)
    Reset_Handler                            0x00000721   Thumb Code     8  startup_mk60d10.o(.text)
    HardFault_Handler                        0x0000072b   Thumb Code     2  startup_mk60d10.o(.text)
    MemManage_Handler                        0x0000072d   Thumb Code     2  startup_mk60d10.o(.text)
    BusFault_Handler                         0x0000072f   Thumb Code     2  startup_mk60d10.o(.text)
    UsageFault_Handler                       0x00000731   Thumb Code     2  startup_mk60d10.o(.text)
    SVC_Handler                              0x00000733   Thumb Code     2  startup_mk60d10.o(.text)
    DebugMon_Handler                         0x00000735   Thumb Code     2  startup_mk60d10.o(.text)
    PendSV_Handler                           0x00000737   Thumb Code     2  startup_mk60d10.o(.text)
    SysTick_Handler                          0x00000739   Thumb Code     2  startup_mk60d10.o(.text)
    CAN0_Bus_Off_IRQHandler                  0x0000073b   Thumb Code     0  startup_mk60d10.o(.text)
    CAN0_Error_IRQHandler                    0x0000073b   Thumb Code     0  startup_mk60d10.o(.text)
    CAN0_Rx_Warning_IRQHandler               0x0000073b   Thumb Code     0  startup_mk60d10.o(.text)
    CAN0_Tx_Warning_IRQHandler               0x0000073b   Thumb Code     0  startup_mk60d10.o(.text)
    CAN0_Wake_Up_IRQHandler                  0x0000073b   Thumb Code     0  startup_mk60d10.o(.text)
    CAN1_Bus_Off_IRQHandler                  0x0000073b   Thumb Code     0  startup_mk60d10.o(.text)
    CAN1_Error_IRQHandler                    0x0000073b   Thumb Code     0  startup_mk60d10.o(.text)
    CAN1_Rx_Warning_IRQHandler               0x0000073b   Thumb Code     0  startup_mk60d10.o(.text)
    CAN1_Tx_Warning_IRQHandler               0x0000073b   Thumb Code     0  startup_mk60d10.o(.text)
    CAN1_Wake_Up_IRQHandler                  0x0000073b   Thumb Code     0  startup_mk60d10.o(.text)
    CMP0_IRQHandler                          0x0000073b   Thumb Code     0  startup_mk60d10.o(.text)
    CMP1_IRQHandler                          0x0000073b   Thumb Code     0  startup_mk60d10.o(.text)
    CMP2_IRQHandler                          0x0000073b   Thumb Code     0  startup_mk60d10.o(.text)
    CMT_IRQHandler                           0x0000073b   Thumb Code     0  startup_mk60d10.o(.text)
    DMA_Error_IRQHandler                     0x0000073b   Thumb Code     0  startup_mk60d10.o(.text)
    DefaultISR                               0x0000073b   Thumb Code     0  startup_mk60d10.o(.text)
    ENET_1588_Timer_IRQHandler               0x0000073b   Thumb Code     0  startup_mk60d10.o(.text)
    ENET_Error_IRQHandler                    0x0000073b   Thumb Code     0  startup_mk60d10.o(.text)
    FTFL_IRQHandler                          0x0000073b   Thumb Code     0  startup_mk60d10.o(.text)
    I2C0_IRQHandler                          0x0000073b   Thumb Code     0  startup_mk60d10.o(.text)
    I2C1_IRQHandler                          0x0000073b   Thumb Code     0  startup_mk60d10.o(.text)
    I2S0_Rx_IRQHandler                       0x0000073b   Thumb Code     0  startup_mk60d10.o(.text)
    I2S0_Tx_IRQHandler                       0x0000073b   Thumb Code     0  startup_mk60d10.o(.text)
    LLW_IRQHandler                           0x0000073b   Thumb Code     0  startup_mk60d10.o(.text)
    LVD_LVW_IRQHandler                       0x0000073b   Thumb Code     0  startup_mk60d10.o(.text)
    MCG_IRQHandler                           0x0000073b   Thumb Code     0  startup_mk60d10.o(.text)
    MCM_IRQHandler                           0x0000073b   Thumb Code     0  startup_mk60d10.o(.text)
    RNG_IRQHandler                           0x0000073b   Thumb Code     0  startup_mk60d10.o(.text)
    RTC_Seconds_IRQHandler                   0x0000073b   Thumb Code     0  startup_mk60d10.o(.text)
    Read_Collision_IRQHandler                0x0000073b   Thumb Code     0  startup_mk60d10.o(.text)
    Reserved102_IRQHandler                   0x0000073b   Thumb Code     0  startup_mk60d10.o(.text)
    Reserved108_IRQHandler                   0x0000073b   Thumb Code     0  startup_mk60d10.o(.text)
    Reserved109_IRQHandler                   0x0000073b   Thumb Code     0  startup_mk60d10.o(.text)
    Reserved111_IRQHandler                   0x0000073b   Thumb Code     0  startup_mk60d10.o(.text)
    Reserved112_IRQHandler                   0x0000073b   Thumb Code     0  startup_mk60d10.o(.text)
    Reserved113_IRQHandler                   0x0000073b   Thumb Code     0  startup_mk60d10.o(.text)
    Reserved114_IRQHandler                   0x0000073b   Thumb Code     0  startup_mk60d10.o(.text)
    Reserved115_IRQHandler                   0x0000073b   Thumb Code     0  startup_mk60d10.o(.text)
    Reserved116_IRQHandler                   0x0000073b   Thumb Code     0  startup_mk60d10.o(.text)
    Reserved117_IRQHandler                   0x0000073b   Thumb Code     0  startup_mk60d10.o(.text)
    Reserved118_IRQHandler                   0x0000073b   Thumb Code     0  startup_mk60d10.o(.text)
    Reserved119_IRQHandler                   0x0000073b   Thumb Code     0  startup_mk60d10.o(.text)
    Reserved59_IRQHandler                    0x0000073b   Thumb Code     0  startup_mk60d10.o(.text)
    Reserved95_IRQHandler                    0x0000073b   Thumb Code     0  startup_mk60d10.o(.text)
    SDHC_IRQHandler                          0x0000073b   Thumb Code     0  startup_mk60d10.o(.text)
    SWI_IRQHandler                           0x0000073b   Thumb Code     0  startup_mk60d10.o(.text)
    UART0_ERR_IRQHandler                     0x0000073b   Thumb Code     0  startup_mk60d10.o(.text)
    UART0_LON_IRQHandler                     0x0000073b   Thumb Code     0  startup_mk60d10.o(.text)
    UART1_ERR_IRQHandler                     0x0000073b   Thumb Code     0  startup_mk60d10.o(.text)
    UART2_ERR_IRQHandler                     0x0000073b   Thumb Code     0  startup_mk60d10.o(.text)
    UART3_ERR_IRQHandler                     0x0000073b   Thumb Code     0  startup_mk60d10.o(.text)
    UART4_ERR_IRQHandler                     0x0000073b   Thumb Code     0  startup_mk60d10.o(.text)
    UART5_ERR_IRQHandler                     0x0000073b   Thumb Code     0  startup_mk60d10.o(.text)
    USB0_IRQHandler                          0x0000073b   Thumb Code     0  startup_mk60d10.o(.text)
    USBDCD_IRQHandler                        0x0000073b   Thumb Code     0  startup_mk60d10.o(.text)
    __user_initial_stackheap                 0x0000073d   Thumb Code     0  startup_mk60d10.o(.text)
    shineng                                  0x00000761   Thumb Code   252  main.o(.text)
    speed_change                             0x0000085d   Thumb Code   294  main.o(.text)
    main                                     0x000009f1   Thumb Code   614  main.o(.text)
    pwm                                      0x00000c6d   Thumb Code   178  pwm.o(.text)
    DelayNs                                  0x00000d29   Thumb Code    62  oled.o(.text)
    LCD_WrDat                                0x00000d67   Thumb Code    84  oled.o(.text)
    LCD_WrCmd                                0x00000dbb   Thumb Code    82  oled.o(.text)
    LCD_Set_Pos                              0x00000e0d   Thumb Code    40  oled.o(.text)
    LCD_Fill                                 0x00000e35   Thumb Code    58  oled.o(.text)
    LCD_CLS                                  0x00000e6f   Thumb Code    56  oled.o(.text)
    LCD_DLY_ms                               0x00000ea7   Thumb Code    24  oled.o(.text)
    LCD_Init                                 0x00000ebf   Thumb Code   248  oled.o(.text)
    LCD_PutPixel                             0x00000fb7   Thumb Code    72  oled.o(.text)
    LCD_Rectangle                            0x00000fff   Thumb Code   132  oled.o(.text)
    LCD_P6x8Str                              0x00001083   Thumb Code    96  oled.o(.text)
    fsLCD_P6x8Str                            0x000010e3   Thumb Code   120  oled.o(.text)
    LCD_P6x8Char                             0x0000115b   Thumb Code    74  oled.o(.text)
    LCD_P8x16Str                             0x000011a5   Thumb Code   130  oled.o(.text)
    LCD_Print                                0x00001227   Thumb Code    52  oled.o(.text)
    Draw_BMP                                 0x0000125b   Thumb Code   116  oled.o(.text)
    LCD_PrintValueI                          0x000012cf   Thumb Code   216  oled.o(.text)
    LCD_PrintValueFP                         0x000013a7   Thumb Code   294  oled.o(.text)
    LCD_PrintValueF                          0x000014cd   Thumb Code   672  oled.o(.text)
    OLed_DisplayI                            0x0000176d   Thumb Code    34  oled.o(.text)
    OLed_DisplayF                            0x0000178f   Thumb Code    22  oled.o(.text)
    I2C_StartTransmission                    0x000017a9   Thumb Code    38  angle.o(.text)
    Pause                                    0x000017cf   Thumb Code    22  angle.o(.text)
    I2C_ReadAddr                             0x000017e5   Thumb Code   292  angle.o(.text)
    I2C_WriteAddr                            0x00001909   Thumb Code   176  angle.o(.text)
    Init2100                                 0x000019b9   Thumb Code    36  angle.o(.text)
    Init8700                                 0x000019dd   Thumb Code    20  angle.o(.text)
    IIC_Read                                 0x000019f1   Thumb Code   148  angle.o(.text)
    Angle_collect                            0x00001a85   Thumb Code     2  angle.o(.text)
    I2C_init                                 0x00001a87   Thumb Code    68  angle.o(.text)
    get_angle                                0x00001acb   Thumb Code    78  angle.o(.text)
    Read_ADC_Ave                             0x00001b19   Thumb Code    36  angle.o(.text)
    Kalman_Filter                            0x00001b49   Thumb Code   526  zhili.o(.text)
    Angle_Calculate                          0x00001d57   Thumb Code   264  zhili.o(.text)
    Angle_Control                            0x00001e5f   Thumb Code    74  zhili.o(.text)
    DMA_jishu_init                           0x00001fad   Thumb Code    44  readspeed.o(.text)
    readspeed                                0x00001fd9   Thumb Code   136  readspeed.o(.text)
    Pulse_Read                               0x00002081   Thumb Code    24  speedcontrol.o(.text)
    Change_Integral_Cal                      0x00002099   Thumb Code   144  speedcontrol.o(.text)
    Speed_Control_PID                        0x00002129   Thumb Code   796  speedcontrol.o(.text)
    Speed_Control                            0x00002445   Thumb Code   554  speedcontrol.o(.text)
    Speed_Control_Output                     0x0000266f   Thumb Code   124  speedcontrol.o(.text)
    ADCread_init                             0x00002729   Thumb Code   120  adcread.o(.text)
    ADCread                                  0x000027a1   Thumb Code   222  adcread.o(.text)
    ave                                      0x0000287f   Thumb Code   536  adcread.o(.text)
    Direction_Control_PID                    0x00002ac9   Thumb Code    62  directioncontrol.o(.text)
    Fuzzy_Control_Dir                        0x00002b07   Thumb Code   204  directioncontrol.o(.text)
    Direction_Control                        0x00002bd3   Thumb Code  2500  directioncontrol.o(.text)
    Direction_Control_Output                 0x00003597   Thumb Code    88  directioncontrol.o(.text)
    PORT_PinMuxConfig                        0x00003669   Thumb Code    74  gpio.o(.text)
    PORT_PinPullConfig                       0x000036b3   Thumb Code   162  gpio.o(.text)
    PORT_PinOpenDrainConfig                  0x00003755   Thumb Code    72  gpio.o(.text)
    PORT_PinPassiveFilterConfig              0x0000379d   Thumb Code    72  gpio.o(.text)
    GPIO_PinConfig                           0x000037e5   Thumb Code    70  gpio.o(.text)
    GPIO_Init                                0x0000382b   Thumb Code   196  gpio.o(.text)
    GPIO_QuickInit                           0x000038ef   Thumb Code    30  gpio.o(.text)
    GPIO_WriteBit                            0x0000390d   Thumb Code    68  gpio.o(.text)
    GPIO_SetBit                              0x00003951   Thumb Code    24  gpio.o(.text)
    GPIO_ResetBit                            0x00003969   Thumb Code    24  gpio.o(.text)
    GPIO_ReadBit                             0x00003981   Thumb Code    50  gpio.o(.text)
    GPIO_ToggleBit                           0x000039b3   Thumb Code    24  gpio.o(.text)
    GPIO_ReadPort                            0x000039cb   Thumb Code    12  gpio.o(.text)
    GPIO_WritePort                           0x000039d7   Thumb Code    10  gpio.o(.text)
    GPIO_ITDMAConfig                         0x000039e1   Thumb Code   380  gpio.o(.text)
    GPIO_CallbackInstall                     0x00003b5d   Thumb Code    26  gpio.o(.text)
    PORTA_IRQHandler                         0x00003ba7   Thumb Code    10  gpio.o(.text)
    PORTB_IRQHandler                         0x00003bb1   Thumb Code    10  gpio.o(.text)
    PORTC_IRQHandler                         0x00003bbb   Thumb Code    10  gpio.o(.text)
    PORTD_IRQHandler                         0x00003bc5   Thumb Code    10  gpio.o(.text)
    PORTE_IRQHandler                         0x00003bcf   Thumb Code    10  gpio.o(.text)
    UART_GetTxFIFOSize                       0x00003c05   Thumb Code    22  uart.o(.text)
    UART_WriteByte                           0x00003c1b   Thumb Code   118  uart.o(.text)
    fputc                                    0x00003c91   Thumb Code    20  uart.o(.text)
    UART_ReadByte                            0x00003ca5   Thumb Code    56  uart.o(.text)
    fgetc                                    0x00003cdd   Thumb Code    28  uart.o(.text)
    UART_printf                              0x00003d43   Thumb Code   112  uart.o(.text)
    UART_Init                                0x00003db3   Thumb Code   740  uart.o(.text)
    UART_DeInit                              0x00004097   Thumb Code    76  uart.o(.text)
    UART_SelectDebugInstance                 0x000040e3   Thumb Code     6  uart.o(.text)
    UART_EnableTxFIFO                        0x000040e9   Thumb Code    46  uart.o(.text)
    UART_EnableRxFIFO                        0x00004117   Thumb Code    46  uart.o(.text)
    UART_GetRxFIFOSize                       0x00004145   Thumb Code    22  uart.o(.text)
    UART_SetTxFIFOWatermark                  0x0000415b   Thumb Code    50  uart.o(.text)
    UART_SetRxFIFOWatermark                  0x0000418d   Thumb Code    50  uart.o(.text)
    UART_ITDMAConfig                         0x000041bf   Thumb Code   356  uart.o(.text)
    UART_CallbackTxInstall                   0x00004323   Thumb Code    48  uart.o(.text)
    UART_CallbackRxInstall                   0x00004353   Thumb Code    48  uart.o(.text)
    UART_QuickInit                           0x00004383   Thumb Code   112  uart.o(.text)
    UART0_RX_TX_IRQHandler                   0x000044ab   Thumb Code    10  uart.o(.text)
    UART1_RX_TX_IRQHandler                   0x000044b5   Thumb Code    10  uart.o(.text)
    UART2_RX_TX_IRQHandler                   0x000044bf   Thumb Code    10  uart.o(.text)
    UART3_RX_TX_IRQHandler                   0x000044c9   Thumb Code    10  uart.o(.text)
    UART4_RX_TX_IRQHandler                   0x000044d3   Thumb Code    10  uart.o(.text)
    UART5_RX_TX_IRQHandler                   0x000044dd   Thumb Code    10  uart.o(.text)
    WDOG_Init                                0x0000451d   Thumb Code   112  wdog.o(.text)
    WDOG_QuickInit                           0x0000458d   Thumb Code    24  wdog.o(.text)
    WDOG_ITDMAConfig                         0x000045a5   Thumb Code    84  wdog.o(.text)
    WDOG_CallbackInstall                     0x000045f9   Thumb Code     8  wdog.o(.text)
    WDOG_GetResetCounter                     0x00004601   Thumb Code     6  wdog.o(.text)
    WDOG_ClearResetCounter                   0x00004607   Thumb Code    10  wdog.o(.text)
    WDOG_GetCurrentCounter                   0x00004611   Thumb Code    14  wdog.o(.text)
    WDOG_Refresh                             0x0000461f   Thumb Code    32  wdog.o(.text)
    Watchdog_IRQHandler                      0x0000463f   Thumb Code    28  wdog.o(.text)
    PIT_Init                                 0x00004669   Thumb Code    94  pit.o(.text)
    PIT_QuickInit                            0x000046c7   Thumb Code    20  pit.o(.text)
    PIT_ITDMAConfig                          0x000046db   Thumb Code   114  pit.o(.text)
    PIT_ResetCounter                         0x0000474d   Thumb Code    42  pit.o(.text)
    PIT_GetCounterValue                      0x00004777   Thumb Code    12  pit.o(.text)
    PIT_CallbackInstall                      0x00004783   Thumb Code    22  pit.o(.text)
    PIT0_IRQHandler                          0x000047c3   Thumb Code    10  pit.o(.text)
    PIT1_IRQHandler                          0x000047cd   Thumb Code    10  pit.o(.text)
    PIT2_IRQHandler                          0x000047d7   Thumb Code    10  pit.o(.text)
    PIT3_IRQHandler                          0x000047e1   Thumb Code    10  pit.o(.text)
    ADC_IsConversionCompleted                0x00004809   Thumb Code    26  adc.o(.text)
    ADC_Calibration                          0x00004823   Thumb Code   254  adc.o(.text)
    ADC_Init                                 0x00004921   Thumb Code   662  adc.o(.text)
    ADC_EnableHardwareTrigger                0x00004bb7   Thumb Code    58  adc.o(.text)
    ADC_ChlMuxConfig                         0x00004bf1   Thumb Code    48  adc.o(.text)
    ADC_QuickInit                            0x00004c21   Thumb Code   146  adc.o(.text)
    ADC_StartConversion                      0x00004cb3   Thumb Code    54  adc.o(.text)
    ADC_ReadValue                            0x00004ce9   Thumb Code    16  adc.o(.text)
    ADC_QuickReadValue                       0x00004cf9   Thumb Code    54  adc.o(.text)
    ADC_ITDMAConfig                          0x00004d2f   Thumb Code   170  adc.o(.text)
    ADC_CallbackInstall                      0x00004dd9   Thumb Code    10  adc.o(.text)
    ADC0_IRQHandler                          0x00004de3   Thumb Code    16  adc.o(.text)
    ADC1_IRQHandler                          0x00004df3   Thumb Code    16  adc.o(.text)
    FTM_PWM_InvertPolarity                   0x00004f5f   Thumb Code   132  ftm.o(.text)
    FTM_QD_QuickInit                         0x00005457   Thumb Code   376  ftm.o(.text)
    FTM_QD_GetData                           0x000055cf   Thumb Code    30  ftm.o(.text)
    FTM_QD_ClearCount                        0x000055ed   Thumb Code    12  ftm.o(.text)
    FTM_PWM_ChangeDuty                       0x000055f9   Thumb Code   156  ftm.o(.text)
    FTM_PWM_QuickInit                        0x00005695   Thumb Code   452  ftm.o(.text)
    FTM_IC_QuickInit                         0x00005859   Thumb Code   204  ftm.o(.text)
    FTM_IC_SetTriggerMode                    0x00005925   Thumb Code   194  ftm.o(.text)
    FTM_GetChlCounter                        0x000059e7   Thumb Code    18  ftm.o(.text)
    FTM_SetMoudleCounter                     0x000059f9   Thumb Code    10  ftm.o(.text)
    FTM_CallbackInstall                      0x00005a03   Thumb Code    18  ftm.o(.text)
    FTM_ITDMAConfig                          0x00005a15   Thumb Code   358  ftm.o(.text)
    FTM0_IRQHandler                          0x00005b7b   Thumb Code   102  ftm.o(.text)
    FTM1_IRQHandler                          0x00005be1   Thumb Code   102  ftm.o(.text)
    FTM2_IRQHandler                          0x00005c47   Thumb Code   102  ftm.o(.text)
    SPI_CTARConfig                           0x00005d9f   Thumb Code   346  spi.o(.text)
    SPI_Init                                 0x00005ef9   Thumb Code   148  spi.o(.text)
    SPI_QuickInit                            0x00005f8d   Thumb Code    98  spi.o(.text)
    SPI_EnableTxFIFO                         0x00005fef   Thumb Code    66  spi.o(.text)
    SPI_EnableRxFIFO                         0x00006031   Thumb Code    66  spi.o(.text)
    SPI_ITDMAConfig                          0x00006073   Thumb Code   196  spi.o(.text)
    SPI_CallbackInstall                      0x00006137   Thumb Code    10  spi.o(.text)
    SPI_ReadWriteByte                        0x00006141   Thumb Code   114  spi.o(.text)
    SPI0_IRQHandler                          0x000061dd   Thumb Code    10  spi.o(.text)
    SPI1_IRQHandler                          0x000061e7   Thumb Code    10  spi.o(.text)
    SPI2_IRQHandler                          0x000061f1   Thumb Code    10  spi.o(.text)
    LPTMR_TC_Init                            0x00006205   Thumb Code    78  lptmr.o(.text)
    LPTMR_PC_Init                            0x00006253   Thumb Code   178  lptmr.o(.text)
    LPTMR_ITDMAConfig                        0x00006305   Thumb Code    92  lptmr.o(.text)
    LPTMR_CallbackInstall                    0x00006361   Thumb Code    26  lptmr.o(.text)
    LPTMR_PC_ReadCounter                     0x0000637b   Thumb Code    18  lptmr.o(.text)
    LPTMR_PC_QuickInit                       0x0000638d   Thumb Code   110  lptmr.o(.text)
    LPTMR_ClearCounter                       0x000063fb   Thumb Code    24  lptmr.o(.text)
    LPTimer_IRQHandler                       0x00006413   Thumb Code    28  lptmr.o(.text)
    DMA_Init                                 0x00006441   Thumb Code   372  dma.o(.text)
    DMA_ChlAlloc                             0x000065b5   Thumb Code    46  dma.o(.text)
    DMA_ChlFree                              0x000065e3   Thumb Code    16  dma.o(.text)
    DMA_GetMajorLoopCount                    0x000065f3   Thumb Code    16  dma.o(.text)
    DMA_SetMajorLoopCounter                  0x00006603   Thumb Code    44  dma.o(.text)
    DMA_EnableRequest                        0x0000662f   Thumb Code    10  dma.o(.text)
    DMA_DisableRequest                       0x00006639   Thumb Code    10  dma.o(.text)
    DMA_EnableAutoDisableRequest             0x00006643   Thumb Code    46  dma.o(.text)
    DMA_EnableMajorLink                      0x00006671   Thumb Code    94  dma.o(.text)
    DMA_ITConfig                             0x000066cf   Thumb Code   140  dma.o(.text)
    DMA_CallbackInstall                      0x0000675b   Thumb Code    10  dma.o(.text)
    DMA_IsMajorLoopComplete                  0x00006765   Thumb Code    56  dma.o(.text)
    DMA_SetDestAddress                       0x0000679d   Thumb Code    10  dma.o(.text)
    DMA_GetDestAddress                       0x000067a7   Thumb Code    12  dma.o(.text)
    DMA_SetSourceAddress                     0x000067b3   Thumb Code    10  dma.o(.text)
    DMA_GetSourceAddress                     0x000067bd   Thumb Code    12  dma.o(.text)
    DMA_CancelTransfer                       0x000067c9   Thumb Code    14  dma.o(.text)
    DMA0_IRQHandler                          0x000067f5   Thumb Code    10  dma.o(.text)
    DMA1_IRQHandler                          0x000067ff   Thumb Code    10  dma.o(.text)
    DMA2_IRQHandler                          0x00006809   Thumb Code    10  dma.o(.text)
    DMA3_IRQHandler                          0x00006813   Thumb Code    10  dma.o(.text)
    DMA4_IRQHandler                          0x0000681d   Thumb Code    40  dma.o(.text)
    DMA5_IRQHandler                          0x00006845   Thumb Code    10  dma.o(.text)
    DMA6_IRQHandler                          0x0000684f   Thumb Code    10  dma.o(.text)
    DMA7_IRQHandler                          0x00006859   Thumb Code    10  dma.o(.text)
    DMA8_IRQHandler                          0x00006863   Thumb Code    10  dma.o(.text)
    DMA9_IRQHandler                          0x0000686d   Thumb Code    10  dma.o(.text)
    DMA10_IRQHandler                         0x00006877   Thumb Code    10  dma.o(.text)
    DMA11_IRQHandler                         0x00006881   Thumb Code    10  dma.o(.text)
    DMA12_IRQHandler                         0x0000688b   Thumb Code    10  dma.o(.text)
    DMA13_IRQHandler                         0x00006895   Thumb Code    10  dma.o(.text)
    DMA14_IRQHandler                         0x0000689f   Thumb Code    10  dma.o(.text)
    DMA15_IRQHandler                         0x000068a9   Thumb Code    10  dma.o(.text)
    RTC_Init                                 0x000068b5   Thumb Code   162  rtc.o(.text)
    RTC_QuickInit                            0x00006957   Thumb Code    14  rtc.o(.text)
    RTC_GetWeekFromYMD                       0x00006965   Thumb Code   108  rtc.o(.text)
    RTC_GetDateTime                          0x00006adf   Thumb Code    26  rtc.o(.text)
    RTC_IsTimeValid                          0x00006af9   Thumb Code    14  rtc.o(.text)
    RTC_SetAlarm                             0x00006b07   Thumb Code    28  rtc.o(.text)
    RTC_SetCompensation                      0x00006b23   Thumb Code    54  rtc.o(.text)
    RTC_GetTSR                               0x00006b59   Thumb Code     6  rtc.o(.text)
    RTC_GetTAR                               0x00006b5f   Thumb Code     6  rtc.o(.text)
    RTC_SetDateTime                          0x00006b65   Thumb Code    46  rtc.o(.text)
    RTC_SetTSR                               0x00006b93   Thumb Code    26  rtc.o(.text)
    RTC_ITDMAConfig                          0x00006bad   Thumb Code   104  rtc.o(.text)
    RTC_CallbackInstall                      0x00006c15   Thumb Code     8  rtc.o(.text)
    RTC_IRQHandler                           0x00006c1d   Thumb Code    72  rtc.o(.text)
    ENET_MII_Init                            0x00006df5   Thumb Code    68  enet.o(.text)
    ENET_MII_Write                           0x00006e39   Thumb Code   110  enet.o(.text)
    ENET_MII_Read                            0x00006ea7   Thumb Code   114  enet.o(.text)
    ENET_Init                                0x00006f19   Thumb Code   312  enet.o(.text)
    ENET_MacSendData                         0x00007051   Thumb Code   138  enet.o(.text)
    ENET_GetReceiveLen                       0x000070db   Thumb Code    30  enet.o(.text)
    ENET_MacReceiveData                      0x000070f9   Thumb Code    78  enet.o(.text)
    ENET_ITDMAConfig                         0x00007147   Thumb Code    86  enet.o(.text)
    ENET_CallbackTxInstall                   0x0000719d   Thumb Code     8  enet.o(.text)
    ENET_CallbackRxInstall                   0x000071a5   Thumb Code     8  enet.o(.text)
    ENET_IsTxTransferComplete                0x000071ad   Thumb Code    30  enet.o(.text)
    ENET_Transmit_IRQHandler                 0x000071cb   Thumb Code    28  enet.o(.text)
    ENET_Receive_IRQHandler                  0x000071e7   Thumb Code    28  enet.o(.text)
    TSI_GetCounter                           0x0000722d   Thumb Code    12  tsi.o(.text)
    TSI_Init                                 0x0000728f   Thumb Code   234  tsi.o(.text)
    TSI_QuickInit                            0x00007379   Thumb Code   102  tsi.o(.text)
    TSI_ITDMAConfig                          0x000073df   Thumb Code    96  tsi.o(.text)
    TSI_CallbackInstall                      0x0000743f   Thumb Code     8  tsi.o(.text)
    TSI0_IRQHandler                          0x00007447   Thumb Code    38  tsi.o(.text)
    GetClock                                 0x00007499   Thumb Code   104  common.o(.text)
    EnterSTOPMode                            0x00007501   Thumb Code    42  common.o(.text)
    QuickInitEncode                          0x0000752b   Thumb Code     6  common.o(.text)
    GetUID                                   0x00007531   Thumb Code    16  common.o(.text)
    QuickInitDecode                          0x00007541   Thumb Code    10  common.o(.text)
    DWT_DelayInit                            0x0000754b   Thumb Code    30  common.o(.text)
    DWT_DelayUs                              0x00007569   Thumb Code    62  common.o(.text)
    DWT_DelayMs                              0x000075a7   Thumb Code    18  common.o(.text)
    DelayInit                                0x000075b9   Thumb Code     8  common.o(.text)
    DelayMs                                  0x000075c1   Thumb Code    12  common.o(.text)
    DelayUs                                  0x000075cd   Thumb Code    12  common.o(.text)
    NMI_Handler                              0x000075d9   Thumb Code     2  common.o(.text)
    CAN_SetRxFilterMask                      0x000076c9   Thumb Code   126  can.o(.text)
    CAN_SetRxMB                              0x00007747   Thumb Code    84  can.o(.text)
    CAN_Init                                 0x0000779b   Thumb Code   244  can.o(.text)
    CAN_QuickInit                            0x0000788f   Thumb Code    76  can.o(.text)
    CAN_WriteData                            0x00007903   Thumb Code   298  can.o(.text)
    CAN_WriteRemote                          0x00007a2d   Thumb Code   180  can.o(.text)
    CAN_CallbackInstall                      0x00007ae1   Thumb Code    10  can.o(.text)
    CAN_ITDMAConfig                          0x00007aeb   Thumb Code   142  can.o(.text)
    CAN_ReadData                             0x00007b79   Thumb Code   228  can.o(.text)
    CAN_ReadFIFO                             0x00007c5d   Thumb Code   132  can.o(.text)
    CAN_IsRxFIFOEnable                       0x00007ce1   Thumb Code    16  can.o(.text)
    CAN_SetRxFIFO                            0x00007cf1   Thumb Code    74  can.o(.text)
    CAN_IRQHandler                           0x00007d3b   Thumb Code    22  can.o(.text)
    CAN0_ORed_Message_buffer_IRQHandler      0x00007d51   Thumb Code    10  can.o(.text)
    CAN1_ORed_Message_buffer_IRQHandler      0x00007d5b   Thumb Code    10  can.o(.text)
    DAC_Init                                 0x00007d89   Thumb Code   566  dac.o(.text)
    DAC_GetBufferReadPointer                 0x00007fbf   Thumb Code    16  dac.o(.text)
    DAC_SetBufferReadPointer                 0x00007fcf   Thumb Code    54  dac.o(.text)
    DAC_SetBufferUpperLimit                  0x00008005   Thumb Code    52  dac.o(.text)
    DAC_ITDMAConfig                          0x00008039   Thumb Code   350  dac.o(.text)
    DAC_SoftwareStartConversion              0x00008197   Thumb Code    26  dac.o(.text)
    DAC_SetWaterMark                         0x000081b1   Thumb Code   146  dac.o(.text)
    DAC_SetBufferValue                       0x00008243   Thumb Code    50  dac.o(.text)
    DAC_CallbackInstall                      0x00008275   Thumb Code    10  dac.o(.text)
    DAC0_IRQHandler                          0x000082f9   Thumb Code    10  dac.o(.text)
    DAC1_IRQHandler                          0x00008303   Thumb Code    10  dac.o(.text)
    PDB_SoftwareTrigger                      0x0000832d   Thumb Code    14  pdb.o(.text)
    PDB_GetMODValue                          0x000083f7   Thumb Code     6  pdb.o(.text)
    PDB_Init                                 0x000083fd   Thumb Code   102  pdb.o(.text)
    PDB_QuickInit                            0x00008463   Thumb Code    38  pdb.o(.text)
    PDB_SetADCPreTrigger                     0x00008489   Thumb Code   154  pdb.o(.text)
    PDB_SetBackToBackMode                    0x00008523   Thumb Code    86  pdb.o(.text)
    PDB_ITDMAConfig                          0x00008579   Thumb Code   140  pdb.o(.text)
    PDB_CallbackInstall                      0x00008605   Thumb Code    20  pdb.o(.text)
    PDB0_IRQHandler                          0x00008619   Thumb Code    28  pdb.o(.text)
    __2sprintf                               0x0000864d   Thumb Code    34  noretval__2sprintf.o(.text)
    __printf                                 0x00008675   Thumb Code   104  __printf.o(.text)
    _printf_int_dec                          0x000086dd   Thumb Code   104  _printf_dec.o(.text)
    __aeabi_memcpy                           0x00008755   Thumb Code     0  rt_memcpy_v6.o(.text)
    __rt_memcpy                              0x00008755   Thumb Code   138  rt_memcpy_v6.o(.text)
    _memcpy_lastbytes                        0x000087bb   Thumb Code     0  rt_memcpy_v6.o(.text)
    __aeabi_memclr4                          0x000087df   Thumb Code     0  rt_memclr_w.o(.text)
    __aeabi_memclr8                          0x000087df   Thumb Code     0  rt_memclr_w.o(.text)
    __rt_memclr_w                            0x000087df   Thumb Code    78  rt_memclr_w.o(.text)
    _memset_w                                0x000087e3   Thumb Code     0  rt_memclr_w.o(.text)
    __use_two_region_memory                  0x0000882d   Thumb Code     2  heapauxi.o(.text)
    __rt_heap_escrow$2region                 0x0000882f   Thumb Code     2  heapauxi.o(.text)
    __rt_heap_expand$2region                 0x00008831   Thumb Code     2  heapauxi.o(.text)
    __read_errno                             0x00008833   Thumb Code    10  _rserrno.o(.text)
    __set_errno                              0x0000883d   Thumb Code    12  _rserrno.o(.text)
    _printf_int_common                       0x00008849   Thumb Code   178  _printf_intcommon.o(.text)
    _printf_char_common                      0x00008907   Thumb Code    32  _printf_char_common.o(.text)
    _sputc                                   0x0000892d   Thumb Code    10  _sputc.o(.text)
    __aeabi_memcpy4                          0x00008937   Thumb Code     0  rt_memcpy_w.o(.text)
    __aeabi_memcpy8                          0x00008937   Thumb Code     0  rt_memcpy_w.o(.text)
    __rt_memcpy_w                            0x00008937   Thumb Code   100  rt_memcpy_w.o(.text)
    _memcpy_lastbytes_aligned                0x0000897f   Thumb Code     0  rt_memcpy_w.o(.text)
    __aeabi_errno_addr                       0x0000899d   Thumb Code     8  rt_errno_addr_intlibspace.o(.text)
    __errno$intlibspace                      0x0000899d   Thumb Code     0  rt_errno_addr_intlibspace.o(.text)
    __rt_errno_addr$intlibspace              0x0000899d   Thumb Code     0  rt_errno_addr_intlibspace.o(.text)
    __user_libspace                          0x000089a5   Thumb Code     8  libspace.o(.text)
    __user_perproc_libspace                  0x000089a5   Thumb Code     0  libspace.o(.text)
    __user_perthread_libspace                0x000089a5   Thumb Code     0  libspace.o(.text)
    __user_setup_stackheap                   0x000089ad   Thumb Code    74  sys_stackheap_outer.o(.text)
    exit                                     0x000089f7   Thumb Code    12  exit.o(.text)
    _sys_exit                                0x00008a05   Thumb Code     8  sys_exit.o(.text)
    __I$use$semihosting                      0x00008a11   Thumb Code     0  use_no_semi.o(.text)
    __use_no_semihosting_swi                 0x00008a11   Thumb Code     2  use_no_semi.o(.text)
    __ARM_fpclassify                         0x00008a13   Thumb Code    40  fpclassify.o(i.__ARM_fpclassify)
    __semihosting_library_function           0x00008a13   Thumb Code     0  indicate_semi.o(.text)
    __kernel_poly                            0x00008a3b   Thumb Code   170  poly.o(i.__kernel_poly)
    __mathlib_dbl_infnan                     0x00008ae5   Thumb Code     6  dunder.o(i.__mathlib_dbl_infnan)
    __mathlib_dbl_invalid                    0x00008aeb   Thumb Code    12  dunder.o(i.__mathlib_dbl_invalid)
    __mathlib_dbl_underflow                  0x00008af9   Thumb Code    10  dunder.o(i.__mathlib_dbl_underflow)
    asin                                     0x00008b09   Thumb Code   572  asin.o(i.asin)
    sqrt                                     0x00008d79   Thumb Code    76  sqrt.o(i.sqrt)
    __aeabi_d2f                              0x00008dc5   Thumb Code     0  d2f.o(x$fpl$d2f)
    _d2f                                     0x00008dc5   Thumb Code    98  d2f.o(x$fpl$d2f)
    __aeabi_dadd                             0x00008e29   Thumb Code     0  daddsub_clz.o(x$fpl$dadd)
    _dadd                                    0x00008e29   Thumb Code   332  daddsub_clz.o(x$fpl$dadd)
    __fpl_dcheck_NaN1                        0x00008f79   Thumb Code    10  dcheck1.o(x$fpl$dcheck1)
    __fpl_dcmp_Inf                           0x00008f89   Thumb Code    24  dcmpi.o(x$fpl$dcmpinf)
    __aeabi_ddiv                             0x00008fa1   Thumb Code     0  ddiv.o(x$fpl$ddiv)
    _ddiv                                    0x00008fa1   Thumb Code   552  ddiv.o(x$fpl$ddiv)
    __aeabi_cdcmple                          0x00009251   Thumb Code     0  dleqf.o(x$fpl$dleqf)
    _dcmple                                  0x00009251   Thumb Code   120  dleqf.o(x$fpl$dleqf)
    __fpl_dcmple_InfNaN                      0x000092b3   Thumb Code     0  dleqf.o(x$fpl$dleqf)
    __aeabi_dmul                             0x000092c9   Thumb Code     0  dmul.o(x$fpl$dmul)
    _dmul                                    0x000092c9   Thumb Code   332  dmul.o(x$fpl$dmul)
    __fpl_dnaninf                            0x0000941d   Thumb Code   156  dnaninf.o(x$fpl$dnaninf)
    __fpl_dretinf                            0x000094b9   Thumb Code    12  dretinf.o(x$fpl$dretinf)
    __aeabi_drsub                            0x000094c5   Thumb Code     0  daddsub_clz.o(x$fpl$drsb)
    _drsb                                    0x000094c5   Thumb Code    22  daddsub_clz.o(x$fpl$drsb)
    _dsqrt                                   0x000094dd   Thumb Code   404  dsqrt_umaal.o(x$fpl$dsqrt)
    __aeabi_dsub                             0x00009675   Thumb Code     0  daddsub_clz.o(x$fpl$dsub)
    _dsub                                    0x00009675   Thumb Code   464  daddsub_clz.o(x$fpl$dsub)
    __aeabi_f2d                              0x00009849   Thumb Code     0  f2d.o(x$fpl$f2d)
    _f2d                                     0x00009849   Thumb Code    86  f2d.o(x$fpl$f2d)
    __aeabi_fadd                             0x000098a1   Thumb Code     0  faddsub_clz.o(x$fpl$fadd)
    _fadd                                    0x000098a1   Thumb Code   196  faddsub_clz.o(x$fpl$fadd)
    __fpl_fcmp_Inf                           0x00009965   Thumb Code    24  fcmpi.o(x$fpl$fcmpinf)
    __aeabi_fdiv                             0x0000997d   Thumb Code     0  fdiv.o(x$fpl$fdiv)
    _fdiv                                    0x0000997d   Thumb Code   384  fdiv.o(x$fpl$fdiv)
    __aeabi_f2iz                             0x00009b01   Thumb Code     0  ffix.o(x$fpl$ffix)
    _ffix                                    0x00009b01   Thumb Code    54  ffix.o(x$fpl$ffix)
    __aeabi_i2f                              0x00009b39   Thumb Code     0  fflt_clz.o(x$fpl$fflt)
    _fflt                                    0x00009b39   Thumb Code    48  fflt_clz.o(x$fpl$fflt)
    __aeabi_cfcmple                          0x00009b69   Thumb Code     0  fleqf.o(x$fpl$fleqf)
    _fcmple                                  0x00009b69   Thumb Code   104  fleqf.o(x$fpl$fleqf)
    __fpl_fcmple_InfNaN                      0x00009bbb   Thumb Code     0  fleqf.o(x$fpl$fleqf)
    __aeabi_fmul                             0x00009bd1   Thumb Code     0  fmul.o(x$fpl$fmul)
    _fmul                                    0x00009bd1   Thumb Code   258  fmul.o(x$fpl$fmul)
    __fpl_fnaninf                            0x00009cd3   Thumb Code   140  fnaninf.o(x$fpl$fnaninf)
    __fpl_fretinf                            0x00009d5f   Thumb Code    10  fretinf.o(x$fpl$fretinf)
    __aeabi_cfrcmple                         0x00009d69   Thumb Code     0  frleqf.o(x$fpl$frleqf)
    _frcmple                                 0x00009d69   Thumb Code    98  frleqf.o(x$fpl$frleqf)
    __aeabi_frsub                            0x00009dcb   Thumb Code     0  faddsub_clz.o(x$fpl$frsb)
    _frsb                                    0x00009dcb   Thumb Code    20  faddsub_clz.o(x$fpl$frsb)
    __aeabi_fsub                             0x00009de1   Thumb Code     0  faddsub_clz.o(x$fpl$fsub)
    _fsub                                    0x00009de1   Thumb Code   234  faddsub_clz.o(x$fpl$fsub)
    __fpl_return_NaN                         0x00009ecb   Thumb Code   100  retnan.o(x$fpl$retnan)
    __ARM_scalbn                             0x00009f2f   Thumb Code    92  scalbn.o(x$fpl$scalbn)
    __fpl_cmpreturn                          0x00009f8b   Thumb Code    48  trapv.o(x$fpl$trapveneer)
    F6x8                                     0x00009fba   Data         552  oled.o(.constdata)
    __I$use$fp                               0x00009fba   Number         0  usenofp.o(x$fpl$usenofp)
    F8X16                                    0x0000a1e2   Data        1520  oled.o(.constdata)
    E_Bound_Dir                              0x0000a7e8   Data          28  directioncontrol.o(.constdata)
    DE_Bound_Dir                             0x0000a804   Data          28  directioncontrol.o(.constdata)
    OU_stright_P                             0x0000a820   Data          52  directioncontrol.o(.constdata)
    OU_smallS_P                              0x0000a854   Data          52  directioncontrol.o(.constdata)
    OU_bigS_P                                0x0000a888   Data          52  directioncontrol.o(.constdata)
    TU_stright_P                             0x0000a8bc   Data          52  directioncontrol.o(.constdata)
    TU_smallS_P                              0x0000a8f0   Data          52  directioncontrol.o(.constdata)
    TU_bigS_P                                0x0000a924   Data          52  directioncontrol.o(.constdata)
    SU_stright_P                             0x0000a958   Data          52  directioncontrol.o(.constdata)
    SU_smallS_P                              0x0000a98c   Data          52  directioncontrol.o(.constdata)
    SU_bigS_P                                0x0000a9c0   Data          52  directioncontrol.o(.constdata)
    FU_stright_P                             0x0000a9f4   Data          52  directioncontrol.o(.constdata)
    FU_smallS_P                              0x0000aa28   Data          52  directioncontrol.o(.constdata)
    FU_bigS_P                                0x0000aa5c   Data          52  directioncontrol.o(.constdata)
    stright_tobigS_P                         0x0000aa90   Data          52  directioncontrol.o(.constdata)
    Rule_Dir_P                               0x0000aac4   Data         196  directioncontrol.o(.constdata)
    SPI_InstanceTable                        0x0000acb8   Data          12  spi.o(.constdata)
    CANBase                                  0x0000ad94   Data           8  can.o(.constdata)
    Region$$Table$$Base                      0x0000ae2c   Number         0  anon$$obj.o(Region$$Table)
    Region$$Table$$Limit                     0x0000ae4c   Number         0  anon$$obj.o(Region$$Table)
    SystemCoreClock                          0x1fff8000   Data           4  system_mk60d10.o(.data)
    X                                        0x1fff8004   Data           4  main.o(.data)
    Y                                        0x1fff8008   Data           4  main.o(.data)
    Z                                        0x1fff800c   Data           4  main.o(.data)
    n                                        0x1fff8010   Data           4  main.o(.data)
    m                                        0x1fff8014   Data           4  main.o(.data)
    n1                                       0x1fff8018   Data           4  main.o(.data)
    m1                                       0x1fff801c   Data           4  main.o(.data)
    R                                        0x1fff8020   Data           4  main.o(.data)
    L                                        0x1fff8024   Data           4  main.o(.data)
    t                                        0x1fff8028   Data           1  main.o(.data)
    t1                                       0x1fff8029   Data           1  main.o(.data)
    t2                                       0x1fff802a   Data           1  main.o(.data)
    zhili_flage                              0x1fff802c   Data           2  main.o(.data)
    speedcontrol_flage                       0x1fff802e   Data           2  main.o(.data)
    dircontrol_flage                         0x1fff8030   Data           2  main.o(.data)
    dircontrolout_flage                      0x1fff8032   Data           2  main.o(.data)
    speed1_flag                              0x1fff8034   Data           2  main.o(.data)
    speed2_flag                              0x1fff8036   Data           2  main.o(.data)
    speed3_flag                              0x1fff8038   Data           2  main.o(.data)
    speed4_flag                              0x1fff803a   Data           2  main.o(.data)
    Protect_flag                             0x1fff803c   Data           1  pwm.o(.data)
    I2Cxx                                    0x1fff8040   Data           8  angle.o(.data)
    gyro_x                                   0x1fff8048   Data           2  angle.o(.data)
    gyro_y                                   0x1fff804a   Data           2  angle.o(.data)
    gyro_z                                   0x1fff804c   Data           2  angle.o(.data)
    accle_x                                  0x1fff804e   Data           2  angle.o(.data)
    accle_y                                  0x1fff8050   Data           2  angle.o(.data)
    accle_z                                  0x1fff8052   Data           2  angle.o(.data)
    ZMAX                                     0x1fff8054   Data           4  zhili.o(.data)
    ZMIN                                     0x1fff8058   Data           4  zhili.o(.data)
    g_nGyroXZero                             0x1fff805c   Data           4  zhili.o(.data)
    g_fXGyro                                 0x1fff8060   Data           4  zhili.o(.data)
    g_fAcc                                   0x1fff8064   Data           4  zhili.o(.data)
    g_fZGyro                                 0x1fff8068   Data           4  zhili.o(.data)
    Angle                                    0x1fff806c   Data           4  zhili.o(.data)
    Angle_dot                                0x1fff8070   Data           4  zhili.o(.data)
    Q_angle                                  0x1fff8074   Data           4  zhili.o(.data)
    Q_gyro                                   0x1fff8078   Data           4  zhili.o(.data)
    R_angle                                  0x1fff807c   Data           4  zhili.o(.data)
    dt                                       0x1fff8080   Data           4  zhili.o(.data)
    P                                        0x1fff8084   Data          16  zhili.o(.data)
    C_0                                      0x1fff8094   Data           4  zhili.o(.data)
    E                                        0x1fff8098   Data           4  zhili.o(.data)
    q_bias                                   0x1fff809c   Data           4  zhili.o(.data)
    Angle_err                                0x1fff80a0   Data           4  zhili.o(.data)
    PCt_0                                    0x1fff80a4   Data           4  zhili.o(.data)
    PCt_1                                    0x1fff80a8   Data           4  zhili.o(.data)
    K_0                                      0x1fff80ac   Data           4  zhili.o(.data)
    K_1                                      0x1fff80b0   Data           4  zhili.o(.data)
    t_0                                      0x1fff80b4   Data           4  zhili.o(.data)
    t_1                                      0x1fff80b8   Data           4  zhili.o(.data)
    AngleKP_set                              0x1fff80bc   Data           4  zhili.o(.data)
    AngleKD_set                              0x1fff80c0   Data           4  zhili.o(.data)
    AngleKI_set                              0x1fff80c4   Data           4  zhili.o(.data)
    Angle_set                                0x1fff80c8   Data           4  zhili.o(.data)
    valuer                                   0x1fff80cc   Data           4  readspeed.o(.data)
    valuel                                   0x1fff80d0   Data           4  readspeed.o(.data)
    g_nRightMotorPulse                       0x1fff80e0   Data           4  speedcontrol.o(.data)
    g_nLeftMotorPulse                        0x1fff80e4   Data           4  speedcontrol.o(.data)
    g_fCarSpeed                              0x1fff80e8   Data           4  speedcontrol.o(.data)
    SpeedKP_set                              0x1fff80ec   Data           4  speedcontrol.o(.data)
    SpeedKI_set                              0x1fff80f0   Data           4  speedcontrol.o(.data)
    SpeedKD_set                              0x1fff80f4   Data           4  speedcontrol.o(.data)
    Speed_set                                0x1fff80f8   Data           4  speedcontrol.o(.data)
    g_bSpeedControlPeriod                    0x1fff80fc   Data           4  speedcontrol.o(.data)
    g_fSpeedControlOutOld                    0x1fff8100   Data           4  speedcontrol.o(.data)
    g_fSpeedControlOutNew                    0x1fff8104   Data           4  speedcontrol.o(.data)
    g_fIntegral                              0x1fff8108   Data           4  speedcontrol.o(.data)
    g_fIntegralSum                           0x1fff810c   Data           4  speedcontrol.o(.data)
    g_fSpeedErrOld                           0x1fff8110   Data           4  speedcontrol.o(.data)
    g_fSpeedErrNew                           0x1fff8114   Data           4  speedcontrol.o(.data)
    g_fDiffSpeedErr                          0x1fff8118   Data           4  speedcontrol.o(.data)
    Delt_KP                                  0x1fff811c   Data           4  speedcontrol.o(.data)
    A                                        0x1fff8134   Data           4  adcread.o(.data)
    B                                        0x1fff8138   Data           4  adcread.o(.data)
    C                                        0x1fff813c   Data           4  adcread.o(.data)
    D                                        0x1fff8140   Data           4  adcread.o(.data)
    EE                                       0x1fff8144   Data           4  adcread.o(.data)
    FF                                       0x1fff8148   Data           4  adcread.o(.data)
    A1                                       0x1fff814c   Data           4  adcread.o(.data)
    B1                                       0x1fff8150   Data           4  adcread.o(.data)
    C1                                       0x1fff8154   Data           4  adcread.o(.data)
    D1                                       0x1fff8158   Data           4  adcread.o(.data)
    EE1                                      0x1fff815c   Data           4  adcread.o(.data)
    FF1                                      0x1fff8160   Data           4  adcread.o(.data)
    A2                                       0x1fff8164   Data           4  adcread.o(.data)
    B2                                       0x1fff8168   Data           4  adcread.o(.data)
    C2                                       0x1fff816c   Data           4  adcread.o(.data)
    D2                                       0x1fff8170   Data           4  adcread.o(.data)
    EE2                                      0x1fff8174   Data           4  adcread.o(.data)
    FF2                                      0x1fff8178   Data           4  adcread.o(.data)
    A3                                       0x1fff817c   Data           4  adcread.o(.data)
    B3                                       0x1fff8180   Data           4  adcread.o(.data)
    C3                                       0x1fff8184   Data           4  adcread.o(.data)
    D3                                       0x1fff8188   Data           4  adcread.o(.data)
    EE3                                      0x1fff818c   Data           4  adcread.o(.data)
    FF3                                      0x1fff8190   Data           4  adcread.o(.data)
    A4                                       0x1fff8194   Data           4  adcread.o(.data)
    B4                                       0x1fff8198   Data           4  adcread.o(.data)
    C4                                       0x1fff819c   Data           4  adcread.o(.data)
    D4                                       0x1fff81a0   Data           4  adcread.o(.data)
    EE4                                      0x1fff81a4   Data           4  adcread.o(.data)
    FF4                                      0x1fff81a8   Data           4  adcread.o(.data)
    Hx                                       0x1fff81ac   Data           4  directioncontrol.o(.data)
    Hs                                       0x1fff81b0   Data           4  directioncontrol.o(.data)
    H2                                       0x1fff81b4   Data           4  directioncontrol.o(.data)
    H_use                                    0x1fff81b8   Data           4  directioncontrol.o(.data)
    H_old                                    0x1fff81bc   Data           4  directioncontrol.o(.data)
    H_err                                    0x1fff81c0   Data           4  directioncontrol.o(.data)
    shizi                                    0x1fff81c4   Data           4  directioncontrol.o(.data)
    H_uselook                                0x1fff81c8   Data           1  directioncontrol.o(.data)
    g_fZGyrold                               0x1fff81cc   Data           4  directioncontrol.o(.data)
    g_bMidPoint                              0x1fff81d0   Data           4  directioncontrol.o(.data)
    DirKP_set                                0x1fff81d4   Data           4  directioncontrol.o(.data)
    DirKD_set                                0x1fff81d8   Data           4  directioncontrol.o(.data)
    MID_LINE                                 0x1fff81dc   Data           4  directioncontrol.o(.data)
    g_bDirControlPeriod                      0x1fff81e0   Data           4  directioncontrol.o(.data)
    g_fDirControlOutOld                      0x1fff81e4   Data           4  directioncontrol.o(.data)
    g_fDirControlOutNew                      0x1fff81e8   Data           4  directioncontrol.o(.data)
    fangxiangoutjifen                        0x1fff81ec   Data           4  directioncontrol.o(.data)
    g_fMidErrorOld                           0x1fff81f0   Data           4  directioncontrol.o(.data)
    g_fMidErrorNew                           0x1fff81f4   Data           4  directioncontrol.o(.data)
    Errorn_errorn_1                          0x1fff81f8   Data           4  directioncontrol.o(.data)
    what_P                                   0x1fff81fc   Data          52  directioncontrol.o(.data)
    En                                       0x1fff8230   Data           4  directioncontrol.o(.data)
    DEn                                      0x1fff8234   Data           4  directioncontrol.o(.data)
    Un                                       0x1fff8238   Data           4  directioncontrol.o(.data)
    __stdout                                 0x1fff8240   Data           4  uart.o(.data)
    __stdin                                  0x1fff8244   Data           4  uart.o(.data)
    Pdot                                     0x1fff8304   Data          16  zhili.o(.bss)
    __libspace_start                         0x1fff8a20   Data          96  libspace.o(.bss)
    __temporary_stack_top$libspace           0x1fff8a80   Data           0  libspace.o(.bss)



==============================================================================

Memory Map of the image

  Image Entry point : 0x00000721

  Load Region LR_1 (Base: 0x00000000, Size: 0x0000b150, Max: 0xffffffff, ABSOLUTE, COMPRESSED[0x0000af20])

    Execution Region ER_RO (Base: 0x00000000, Size: 0x0000ae4c, Max: 0xffffffff, ABSOLUTE)

    Base Addr    Size         Type   Attr      Idx    E Section Name        Object

    0x00000000   0x00000400   Data   RO           51    RESET               startup_mk60d10.o
    0x00000400   0x00000010   Code   RO           52    .ARM.__at_0x400     startup_mk60d10.o
    0x00000410   0x00000008   Code   RO          997  * !!!main             c_w.l(__main.o)
    0x00000418   0x00000034   Code   RO         1276    !!!scatter          c_w.l(__scatter.o)
    0x0000044c   0x0000005a   Code   RO         1274    !!dczerorl2         c_w.l(__dczerorl2.o)
    0x000004a6   0x00000002   PAD
    0x000004a8   0x0000001c   Code   RO         1278    !!handler_zi        c_w.l(__scatter_zi.o)
    0x000004c4   0x00000000   Code   RO          990    .ARM.Collect$$_printf_percent$$00000000  c_w.l(_printf_percent.o)
    0x000004c4   0x00000006   Code   RO          989    .ARM.Collect$$_printf_percent$$00000009  c_w.l(_printf_d.o)
    0x000004ca   0x00000004   Code   RO         1062    .ARM.Collect$$_printf_percent$$00000017  c_w.l(_printf_percent_end.o)
    0x000004ce   0x00000002   Code   RO         1144    .ARM.Collect$$libinit$$00000000  c_w.l(libinit.o)
    0x000004d0   0x00000000   Code   RO         1150    .ARM.Collect$$libinit$$00000002  c_w.l(libinit2.o)
    0x000004d0   0x00000000   Code   RO         1152    .ARM.Collect$$libinit$$00000004  c_w.l(libinit2.o)
    0x000004d0   0x00000000   Code   RO         1155    .ARM.Collect$$libinit$$0000000A  c_w.l(libinit2.o)
    0x000004d0   0x00000000   Code   RO         1157    .ARM.Collect$$libinit$$0000000C  c_w.l(libinit2.o)
    0x000004d0   0x00000000   Code   RO         1159    .ARM.Collect$$libinit$$0000000E  c_w.l(libinit2.o)
    0x000004d0   0x00000000   Code   RO         1162    .ARM.Collect$$libinit$$00000011  c_w.l(libinit2.o)
    0x000004d0   0x00000000   Code   RO         1164    .ARM.Collect$$libinit$$00000013  c_w.l(libinit2.o)
    0x000004d0   0x00000000   Code   RO         1166    .ARM.Collect$$libinit$$00000015  c_w.l(libinit2.o)
    0x000004d0   0x00000000   Code   RO         1168    .ARM.Collect$$libinit$$00000017  c_w.l(libinit2.o)
    0x000004d0   0x00000000   Code   RO         1170    .ARM.Collect$$libinit$$00000019  c_w.l(libinit2.o)
    0x000004d0   0x00000000   Code   RO         1172    .ARM.Collect$$libinit$$0000001B  c_w.l(libinit2.o)
    0x000004d0   0x00000000   Code   RO         1174    .ARM.Collect$$libinit$$0000001D  c_w.l(libinit2.o)
    0x000004d0   0x00000000   Code   RO         1176    .ARM.Collect$$libinit$$0000001F  c_w.l(libinit2.o)
    0x000004d0   0x00000000   Code   RO         1178    .ARM.Collect$$libinit$$00000021  c_w.l(libinit2.o)
    0x000004d0   0x00000000   Code   RO         1180    .ARM.Collect$$libinit$$00000023  c_w.l(libinit2.o)
    0x000004d0   0x00000000   Code   RO         1182    .ARM.Collect$$libinit$$00000025  c_w.l(libinit2.o)
    0x000004d0   0x00000000   Code   RO         1186    .ARM.Collect$$libinit$$0000002C  c_w.l(libinit2.o)
    0x000004d0   0x00000000   Code   RO         1188    .ARM.Collect$$libinit$$0000002E  c_w.l(libinit2.o)
    0x000004d0   0x00000000   Code   RO         1190    .ARM.Collect$$libinit$$00000030  c_w.l(libinit2.o)
    0x000004d0   0x00000000   Code   RO         1192    .ARM.Collect$$libinit$$00000032  c_w.l(libinit2.o)
    0x000004d0   0x00000002   Code   RO         1193    .ARM.Collect$$libinit$$00000033  c_w.l(libinit2.o)
    0x000004d2   0x00000002   Code   RO         1215    .ARM.Collect$$libshutdown$$00000000  c_w.l(libshutdown.o)
    0x000004d4   0x00000000   Code   RO         1229    .ARM.Collect$$libshutdown$$00000003  c_w.l(libshutdown2.o)
    0x000004d4   0x00000000   Code   RO         1232    .ARM.Collect$$libshutdown$$00000006  c_w.l(libshutdown2.o)
    0x000004d4   0x00000000   Code   RO         1235    .ARM.Collect$$libshutdown$$00000009  c_w.l(libshutdown2.o)
    0x000004d4   0x00000000   Code   RO         1237    .ARM.Collect$$libshutdown$$0000000B  c_w.l(libshutdown2.o)
    0x000004d4   0x00000000   Code   RO         1240    .ARM.Collect$$libshutdown$$0000000E  c_w.l(libshutdown2.o)
    0x000004d4   0x00000002   Code   RO         1241    .ARM.Collect$$libshutdown$$0000000F  c_w.l(libshutdown2.o)
    0x000004d6   0x00000000   Code   RO         1053    .ARM.Collect$$rtentry$$00000000  c_w.l(__rtentry.o)
    0x000004d6   0x00000000   Code   RO         1107    .ARM.Collect$$rtentry$$00000002  c_w.l(__rtentry2.o)
    0x000004d6   0x00000006   Code   RO         1119    .ARM.Collect$$rtentry$$00000004  c_w.l(__rtentry4.o)
    0x000004dc   0x00000000   Code   RO         1109    .ARM.Collect$$rtentry$$00000009  c_w.l(__rtentry2.o)
    0x000004dc   0x00000004   Code   RO         1110    .ARM.Collect$$rtentry$$0000000A  c_w.l(__rtentry2.o)
    0x000004e0   0x00000000   Code   RO         1112    .ARM.Collect$$rtentry$$0000000C  c_w.l(__rtentry2.o)
    0x000004e0   0x00000008   Code   RO         1113    .ARM.Collect$$rtentry$$0000000D  c_w.l(__rtentry2.o)
    0x000004e8   0x00000002   Code   RO         1147    .ARM.Collect$$rtexit$$00000000  c_w.l(rtexit.o)
    0x000004ea   0x00000000   Code   RO         1197    .ARM.Collect$$rtexit$$00000002  c_w.l(rtexit2.o)
    0x000004ea   0x00000004   Code   RO         1198    .ARM.Collect$$rtexit$$00000003  c_w.l(rtexit2.o)
    0x000004ee   0x00000006   Code   RO         1199    .ARM.Collect$$rtexit$$00000004  c_w.l(rtexit2.o)
    0x000004f4   0x00000004   Code   RO          718    .revsh_text         enet.o
    0x000004f8   0x00000228   Code   RO            3    .text               system_mk60d10.o
    0x00000720   0x00000040   Code   RO           53  * .text               startup_mk60d10.o
    0x00000760   0x0000050c   Code   RO           61    .text               main.o
    0x00000c6c   0x000000bc   Code   RO          147    .text               pwm.o
    0x00000d28   0x00000a80   Code   RO          173    .text               oled.o
    0x000017a8   0x000003a0   Code   RO          194    .text               angle.o
    0x00001b48   0x000003e4   Code   RO          215    .text               zhili.o
    0x00001f2c   0x00000154   Code   RO          261    .text               readspeed.o
    0x00002080   0x000006a8   Code   RO          285    .text               speedcontrol.o
    0x00002728   0x000003a0   Code   RO          309    .text               adcread.o
    0x00002ac8   0x00000ba0   Code   RO          335    .text               directioncontrol.o
    0x00003668   0x0000059c   Code   RO          363    .text               gpio.o
    0x00003c04   0x00000904   Code   RO          390    .text               uart.o
    0x00004508   0x00000160   Code   RO          424    .text               wdog.o
    0x00004668   0x000001a0   Code   RO          449    .text               pit.o
    0x00004808   0x0000060c   Code   RO          500    .text               adc.o
    0x00004e14   0x00000ea8   Code   RO          523    .text               ftm.o
    0x00005cbc   0x00000548   Code   RO          568    .text               spi.o
    0x00006204   0x0000023c   Code   RO          595    .text               lptmr.o
    0x00006440   0x00000472   Code   RO          621    .text               dma.o
    0x000068b2   0x00000002   PAD
    0x000068b4   0x000003d0   Code   RO          693    .text               rtc.o
    0x00006c84   0x000005a8   Code   RO          719    .text               enet.o
    0x0000722c   0x0000026c   Code   RO          748    .text               tsi.o
    0x00007498   0x00000158   Code   RO          773    .text               common.o
    0x000075f0   0x00000798   Code   RO          819    .text               can.o
    0x00007d88   0x000005a4   Code   RO          886    .text               dac.o
    0x0000832c   0x00000320   Code   RO          912    .text               pdb.o
    0x0000864c   0x00000028   Code   RO          963    .text               c_w.l(noretval__2sprintf.o)
    0x00008674   0x00000068   Code   RO          965    .text               c_w.l(__printf.o)
    0x000086dc   0x00000078   Code   RO          967    .text               c_w.l(_printf_dec.o)
    0x00008754   0x0000008a   Code   RO          991    .text               c_w.l(rt_memcpy_v6.o)
    0x000087de   0x0000004e   Code   RO          993    .text               c_w.l(rt_memclr_w.o)
    0x0000882c   0x00000006   Code   RO          995    .text               c_w.l(heapauxi.o)
    0x00008832   0x00000016   Code   RO         1054    .text               c_w.l(_rserrno.o)
    0x00008848   0x000000b2   Code   RO         1056    .text               c_w.l(_printf_intcommon.o)
    0x000088fa   0x00000002   PAD
    0x000088fc   0x00000030   Code   RO         1058    .text               c_w.l(_printf_char_common.o)
    0x0000892c   0x0000000a   Code   RO         1060    .text               c_w.l(_sputc.o)
    0x00008936   0x00000064   Code   RO         1063    .text               c_w.l(rt_memcpy_w.o)
    0x0000899a   0x00000002   PAD
    0x0000899c   0x00000008   Code   RO         1124    .text               c_w.l(rt_errno_addr_intlibspace.o)
    0x000089a4   0x00000008   Code   RO         1132    .text               c_w.l(libspace.o)
    0x000089ac   0x0000004a   Code   RO         1135    .text               c_w.l(sys_stackheap_outer.o)
    0x000089f6   0x0000000c   Code   RO         1137    .text               c_w.l(exit.o)
    0x00008a02   0x00000002   PAD
    0x00008a04   0x0000000c   Code   RO         1207    .text               c_w.l(sys_exit.o)
    0x00008a10   0x00000002   Code   RO         1218    .text               c_w.l(use_no_semi.o)
    0x00008a12   0x00000000   Code   RO         1220    .text               c_w.l(indicate_semi.o)
    0x00008a12   0x00000028   Code   RO         1094    i.__ARM_fpclassify  m_ws.l(fpclassify.o)
    0x00008a3a   0x000000aa   Code   RO         1096    i.__kernel_poly     m_ws.l(poly.o)
    0x00008ae4   0x00000006   Code   RO         1081    i.__mathlib_dbl_infnan  m_ws.l(dunder.o)
    0x00008aea   0x0000000c   Code   RO         1083    i.__mathlib_dbl_invalid  m_ws.l(dunder.o)
    0x00008af6   0x00000002   PAD
    0x00008af8   0x00000010   Code   RO         1086    i.__mathlib_dbl_underflow  m_ws.l(dunder.o)
    0x00008b08   0x00000270   Code   RO         1044    i.asin              m_ws.l(asin.o)
    0x00008d78   0x0000004c   Code   RO         1099    i.sqrt              m_ws.l(sqrt.o)
    0x00008dc4   0x00000062   Code   RO          999    x$fpl$d2f           fz_ws.l(d2f.o)
    0x00008e26   0x00000002   PAD
    0x00008e28   0x00000150   Code   RO         1001    x$fpl$dadd          fz_ws.l(daddsub_clz.o)
    0x00008f78   0x00000010   Code   RO         1128    x$fpl$dcheck1       fz_ws.l(dcheck1.o)
    0x00008f88   0x00000018   Code   RO         1065    x$fpl$dcmpinf       fz_ws.l(dcmpi.o)
    0x00008fa0   0x000002b0   Code   RO         1008    x$fpl$ddiv          fz_ws.l(ddiv.o)
    0x00009250   0x00000078   Code   RO         1011    x$fpl$dleqf         fz_ws.l(dleqf.o)
    0x000092c8   0x00000154   Code   RO         1013    x$fpl$dmul          fz_ws.l(dmul.o)
    0x0000941c   0x0000009c   Code   RO         1067    x$fpl$dnaninf       fz_ws.l(dnaninf.o)
    0x000094b8   0x0000000c   Code   RO         1069    x$fpl$dretinf       fz_ws.l(dretinf.o)
    0x000094c4   0x00000016   Code   RO         1002    x$fpl$drsb          fz_ws.l(daddsub_clz.o)
    0x000094da   0x00000002   PAD
    0x000094dc   0x00000198   Code   RO         1130    x$fpl$dsqrt         fz_ws.l(dsqrt_umaal.o)
    0x00009674   0x000001d4   Code   RO         1003    x$fpl$dsub          fz_ws.l(daddsub_clz.o)
    0x00009848   0x00000056   Code   RO         1015    x$fpl$f2d           fz_ws.l(f2d.o)
    0x0000989e   0x00000002   PAD
    0x000098a0   0x000000c4   Code   RO         1017    x$fpl$fadd          fz_ws.l(faddsub_clz.o)
    0x00009964   0x00000018   Code   RO         1071    x$fpl$fcmpinf       fz_ws.l(fcmpi.o)
    0x0000997c   0x00000184   Code   RO         1024    x$fpl$fdiv          fz_ws.l(fdiv.o)
    0x00009b00   0x00000036   Code   RO         1027    x$fpl$ffix          fz_ws.l(ffix.o)
    0x00009b36   0x00000002   PAD
    0x00009b38   0x00000030   Code   RO         1032    x$fpl$fflt          fz_ws.l(fflt_clz.o)
    0x00009b68   0x00000068   Code   RO         1037    x$fpl$fleqf         fz_ws.l(fleqf.o)
    0x00009bd0   0x00000102   Code   RO         1039    x$fpl$fmul          fz_ws.l(fmul.o)
    0x00009cd2   0x0000008c   Code   RO         1073    x$fpl$fnaninf       fz_ws.l(fnaninf.o)
    0x00009d5e   0x0000000a   Code   RO         1075    x$fpl$fretinf       fz_ws.l(fretinf.o)
    0x00009d68   0x00000062   Code   RO         1041    x$fpl$frleqf        fz_ws.l(frleqf.o)
    0x00009dca   0x00000014   Code   RO         1018    x$fpl$frsb          fz_ws.l(faddsub_clz.o)
    0x00009dde   0x00000002   PAD
    0x00009de0   0x000000ea   Code   RO         1019    x$fpl$fsub          fz_ws.l(faddsub_clz.o)
    0x00009eca   0x00000064   Code   RO         1145    x$fpl$retnan        fz_ws.l(retnan.o)
    0x00009f2e   0x0000005c   Code   RO         1077    x$fpl$scalbn        fz_ws.l(scalbn.o)
    0x00009f8a   0x00000030   Code   RO         1194    x$fpl$trapveneer    fz_ws.l(trapv.o)
    0x00009fba   0x00000000   Code   RO         1079    x$fpl$usenofp       fz_ws.l(usenofp.o)
    0x00009fba   0x00000818   Data   RO          174    .constdata          oled.o
    0x0000a7d2   0x00000002   PAD
    0x0000a7d4   0x00000014   Data   RO          262    .constdata          readspeed.o
    0x0000a7e8   0x000003a0   Data   RO          336    .constdata          directioncontrol.o
    0x0000ab88   0x00000041   Data   RO          365    .constdata          gpio.o
    0x0000abc9   0x00000003   PAD
    0x0000abcc   0x00000084   Data   RO          392    .constdata          uart.o
    0x0000ac50   0x00000004   Data   RO          451    .constdata          pit.o
    0x0000ac54   0x00000022   Data   RO          501    .constdata          adc.o
    0x0000ac76   0x00000002   PAD
    0x0000ac78   0x0000003f   Data   RO          525    .constdata          ftm.o
    0x0000acb7   0x00000001   PAD
    0x0000acb8   0x00000084   Data   RO          570    .constdata          spi.o
    0x0000ad3c   0x00000010   Data   RO          596    .constdata          lptmr.o
    0x0000ad4c   0x00000014   Data   RO          623    .constdata          dma.o
    0x0000ad60   0x00000034   Data   RO          694    .constdata          rtc.o
    0x0000ad94   0x00000022   Data   RO          820    .constdata          can.o
    0x0000adb6   0x00000002   PAD
    0x0000adb8   0x0000000a   Data   RO          887    .constdata          dac.o
    0x0000adc2   0x00000004   Data   RO          913    .constdata          pdb.o
    0x0000adc6   0x00000002   PAD
    0x0000adc8   0x00000050   Data   RO         1045    .constdata          m_ws.l(asin.o)
    0x0000ae18   0x00000011   Data   RO          393    .conststring        uart.o
    0x0000ae29   0x00000003   PAD
    0x0000ae2c   0x00000020   Data   RO         1272    Region$$Table       anon$$obj.o


    Execution Region ER_RW (Base: 0x1fff8000, Size: 0x00000304, Max: 0xffffffff, ABSOLUTE, COMPRESSED[0x000000d4])

    Base Addr    Size         Type   Attr      Idx    E Section Name        Object

    0x1fff8000   0x00000004   Data   RW            4    .data               system_mk60d10.o
    0x1fff8004   0x00000038   Data   RW           62    .data               main.o
    0x1fff803c   0x00000001   Data   RW          148    .data               pwm.o
    0x1fff803d   0x00000003   PAD
    0x1fff8040   0x00000014   Data   RW          195    .data               angle.o
    0x1fff8054   0x00000078   Data   RW          217    .data               zhili.o
    0x1fff80cc   0x00000012   Data   RW          263    .data               readspeed.o
    0x1fff80de   0x00000002   PAD
    0x1fff80e0   0x00000054   Data   RW          286    .data               speedcontrol.o
    0x1fff8134   0x00000078   Data   RW          310    .data               adcread.o
    0x1fff81ac   0x00000090   Data   RW          337    .data               directioncontrol.o
    0x1fff823c   0x00000011   Data   RW          394    .data               uart.o
    0x1fff824d   0x00000003   PAD
    0x1fff8250   0x00000004   Data   RW          425    .data               wdog.o
    0x1fff8254   0x00000004   Data   RW          452    .data               pit.o
    0x1fff8258   0x00000008   Data   RW          502    .data               adc.o
    0x1fff8260   0x00000004   Data   RW          597    .data               lptmr.o
    0x1fff8264   0x00000004   Data   RW          624    .data               dma.o
    0x1fff8268   0x00000034   Data   RW          695    .data               rtc.o
    0x1fff829c   0x00000010   Data   RW          721    .data               enet.o
    0x1fff82ac   0x00000044   Data   RW          749    .data               tsi.o
    0x1fff82f0   0x00000008   Data   RW          821    .data               can.o
    0x1fff82f8   0x00000008   Data   RW          888    .data               dac.o
    0x1fff8300   0x00000004   Data   RW          914    .data               pdb.o


    Execution Region ER_ZI (Base: 0x1fff8304, Size: 0x00001b7c, Max: 0xffffffff, ABSOLUTE)

    Base Addr    Size         Type   Attr      Idx    E Section Name        Object

    0x1fff8304   0x00000010   Zero   RW          216    .bss                zhili.o
    0x1fff8314   0x00000014   Zero   RW          364    .bss                gpio.o
    0x1fff8328   0x00000030   Zero   RW          391    .bss                uart.o
    0x1fff8358   0x00000010   Zero   RW          450    .bss                pit.o
    0x1fff8368   0x0000000c   Zero   RW          524    .bss                ftm.o
    0x1fff8374   0x0000000c   Zero   RW          569    .bss                spi.o
    0x1fff8380   0x00000040   Zero   RW          622    .bss                dma.o
    0x1fff83c0   0x0000065e   Zero   RW          720    .bss                enet.o
    0x1fff8a1e   0x00000002   PAD
    0x1fff8a20   0x00000060   Zero   RW         1133    .bss                c_w.l(libspace.o)
    0x1fff8a80   0x00000400   Zero   RW           50    HEAP                startup_mk60d10.o
    0x1fff8e80   0x00001000   Zero   RW           49    STACK               startup_mk60d10.o


==============================================================================

Image component sizes


      Code (inc. data)   RO Data    RW Data    ZI Data      Debug   Object Name

      1548         36         34          8          0       4707   adc.o
       928         50          0        120          0       5575   adcread.o
       928         12          0         20          0       8911   angle.o
      1944         62         34          8          0       8123   can.o
       344         22          0          0          0       3588   common.o
      1444         34         10          8          0       5281   dac.o
      2976        428        928        144          0       6675   directioncontrol.o
      1138         30         20          4         64       6954   dma.o
      1452         72          0         16       1630       7881   enet.o
      3752         68         63          0         12       6878   ftm.o
      1436         62         65          0         20      28498   gpio.o
       572         18         16          4          0       4000   lptmr.o
      1292        170          0         56          0      15246   main.o
      2688         50       2072          0          0       8075   oled.o
       800         24          4          4          0       4788   pdb.o
       416         30          4          4         16       3246   pit.o
       188         10          0          1          0        957   pwm.o
       340         32         20         18          0       1935   readspeed.o
       976         32         52         52          0       5789   rtc.o
      1704        342          0         84          0       3270   speedcontrol.o
      1352         44        132          0         12       6960   spi.o
        80         42       1024          0       5120       1208   startup_mk60d10.o
       552         40          0          4          0     241137   system_mk60d10.o
       620         22          0         68          0       5136   tsi.o
      2308         66        149         17         48      31085   uart.o
       352         14          0          4          0       3665   wdog.o
       996        132          0        120         16       3013   zhili.o

    ----------------------------------------------------------------------
     33128       1944       4674        772       6940     432581   Object Totals
         0          0         32          0          0          0   (incl. Generated)
         2          0         15          8          2          0   (incl. Padding)

    ----------------------------------------------------------------------

      Code (inc. data)   RO Data    RW Data    ZI Data      Debug   Library Member Name

        90          0          0          0          0          0   __dczerorl2.o
         8          0          0          0          0         68   __main.o
       104          0          0          0          0         84   __printf.o
         0          0          0          0          0          0   __rtentry.o
        12          0          0          0          0          0   __rtentry2.o
         6          0          0          0          0          0   __rtentry4.o
        52          8          0          0          0          0   __scatter.o
        28          0          0          0          0          0   __scatter_zi.o
        48          6          0          0          0         96   _printf_char_common.o
         6          0          0          0          0          0   _printf_d.o
       120         16          0          0          0         92   _printf_dec.o
       178          0          0          0          0         88   _printf_intcommon.o
         0          0          0          0          0          0   _printf_percent.o
         4          0          0          0          0          0   _printf_percent_end.o
        22          0          0          0          0        100   _rserrno.o
        10          0          0          0          0         68   _sputc.o
        12          0          0          0          0         72   exit.o
         6          0          0          0          0        152   heapauxi.o
         0          0          0          0          0          0   indicate_semi.o
         2          0          0          0          0          0   libinit.o
         2          0          0          0          0          0   libinit2.o
         2          0          0          0          0          0   libshutdown.o
         2          0          0          0          0          0   libshutdown2.o
         8          4          0          0         96         68   libspace.o
        40          6          0          0          0         84   noretval__2sprintf.o
         8          4          0          0          0         68   rt_errno_addr_intlibspace.o
        78          0          0          0          0         80   rt_memclr_w.o
       138          0          0          0          0         68   rt_memcpy_v6.o
       100          0          0          0          0         80   rt_memcpy_w.o
         2          0          0          0          0          0   rtexit.o
        10          0          0          0          0          0   rtexit2.o
        12          4          0          0          0         68   sys_exit.o
        74          0          0          0          0         80   sys_stackheap_outer.o
         2          0          0          0          0         68   use_no_semi.o
        98          4          0          0          0         92   d2f.o
       826         16          0          0          0        348   daddsub_clz.o
        16          4          0          0          0         68   dcheck1.o
        24          0          0          0          0         68   dcmpi.o
       688        140          0          0          0        208   ddiv.o
       120          4          0          0          0         92   dleqf.o
       340         12          0          0          0        104   dmul.o
       156          4          0          0          0         92   dnaninf.o
        12          0          0          0          0         68   dretinf.o
       408         56          0          0          0        120   dsqrt_umaal.o
        86          4          0          0          0         84   f2d.o
       450          8          0          0          0        236   faddsub_clz.o
        24          0          0          0          0         68   fcmpi.o
       388         76          0          0          0         96   fdiv.o
        54          4          0          0          0         84   ffix.o
        48          0          0          0          0         68   fflt_clz.o
       104          4          0          0          0         84   fleqf.o
       258          4          0          0          0         84   fmul.o
       140          4          0          0          0         84   fnaninf.o
        10          0          0          0          0         68   fretinf.o
        98          0          0          0          0         68   frleqf.o
       100          0          0          0          0         68   retnan.o
        92          0          0          0          0         68   scalbn.o
        48          0          0          0          0         68   trapv.o
         0          0          0          0          0          0   usenofp.o
       624         52         80          0          0        168   asin.o
        34          6          0          0          0        204   dunder.o
        40          0          0          0          0         68   fpclassify.o
       170          0          0          0          0         96   poly.o
        76          0          0          0          0         84   sqrt.o

    ----------------------------------------------------------------------
      6738        450         80          0         96       4592   Library Totals
        20          0          0          0          0          0   (incl. Padding)

    ----------------------------------------------------------------------

      Code (inc. data)   RO Data    RW Data    ZI Data      Debug   Library Name

      1186         48          0          0         96       1484   c_w.l
      4588        344          0          0          0       2488   fz_ws.l
       944         58         80          0          0        620   m_ws.l

    ----------------------------------------------------------------------
      6738        450         80          0         96       4592   Library Totals

    ----------------------------------------------------------------------

==============================================================================


      Code (inc. data)   RO Data    RW Data    ZI Data      Debug   

     39866       2394       4754        772       7036     431657   Grand Totals
     39866       2394       4754        212       7036     431657   ELF Image Totals (compressed)
     39866       2394       4754        212          0          0   ROM Totals

==============================================================================

    Total RO  Size (Code + RO Data)                44620 (  43.57kB)
    Total RW  Size (RW Data + ZI Data)              7808 (   7.63kB)
    Total ROM Size (Code + RO Data + RW Data)      44832 (  43.78kB)

==============================================================================

